// Jest Snapshot v1, https://goo.gl/fbAQLP

exports[`Config Plugin iOS Tests adds url types to the Info.plist 1`] = `
{
  "CFBundleURLTypes": [
    {
      "CFBundleURLSchemes": [
        "com.googleusercontent.apps.SomeRandomClientIdString",
      ],
    },
  ],
}
`;
